gene_symbol & gene_desc \\
Mal2 & MAL2 proteolipid protein \\
Nckap1l & NCK associated protein 1 like,NCK associated protein 1 like, \\
Csdc2 & RNA-binding protein pippin \\
Krt72 & keratin 72 \\
Ugt3a1 & UDP glycosyltransferases 3 family, polypeptide \\
9030619P08Rik & RIKEN cDNA 9030619P08 \\
Espl1 & extra spindle poles-like 1,extra spindle poles-like 1, \\
AW049604 & TAFA5 protein \\
Topors & topoisomerase 1-binding RING finger \\
Sharpin & SHANK-associated RH domain interacting protein \\
Gga1 & golgi associated, gamma adaptin ear containing, \\
Prickle1 & prickle like 1,prickle like 1, \\
Fbxo4 & F-box protein 4 \\
AW549877 & hypothetical protein LOC106064,hypothetical protein LOC106064, \\
Slc45a4 & solute carrier family 45, member 4,solute carrier family 45, member 4,solute carrier family 45, member 4, \\
D15Mgi27 & hypothetical protein LOC106073 \\
Cggbp1 & CGG triplet repeat binding protein 1,CGG triplet repeat binding protein 1, \\
Txndc11 & thioredoxin domain containing 11 isoform 1,thioredoxin domain containing 11 isoform 1, \\
Zc3h7a & zinc finger CCCH type containing 7 \\
Qtrtd1 & queuine tRNA-ribosyltransferase domain \\
Rrn3 & RRN3 RNA polymerase I transcription factor \\
Osbpl11 & oxysterol binding protein-like 11 \\
Nsun3 & NOL1/NOP2/Sun domain family 3 \\
Rfc4 & replication factor C (activator 1) 4 \\
Ildr1 & immunoglobulin-like domain containing receptor \\
Ypel1 & yippee-like 1,yippee-like 1, \\
Eaf2 & ELL associated factor 2 \\
Srl & sarcalumenin,sarcalumenin, \\
Osta & organic solute transporter alpha \\
n/a & n/a \\
Stk38 & serine/threonine kinase 38,serine/threonine kinase 38, \\
Gpsm3 & G-protein signalling modulator 3 (AGS3-like, C. \\
AW548124 & hypothetical protein LOC106522 \\
Gpsn2 & glycoprotein, synaptic 2,glycoprotein, synaptic 2, \\
Ldhal6b & lactate dehydrogenase A-like 6B \\
Ppcs & phosphopantothenoylcysteine synthetase \\
Dlk2 & EGF-like-domain, multiple 9,EGF-like-domain, multiple 9,EGF-like-domain, multiple 9, \\
Rab31 & Rab31-like \\
Itfg3 & integrin alpha FG-GAP repeat containing 3,integrin alpha FG-GAP repeat containing 3, \\
Nrm & nurim \\
Ankrd12 & ankyrin repeat domain 12,ankyrin repeat domain 12, \\
Trip10 & thyroid hormone receptor interactor 10,thyroid hormone receptor interactor 10,thyroid hormone receptor interactor 10,thyroid hormone receptor interactor 10, \\
Ift140 & intraflagellar transport 140,intraflagellar transport 140, \\
AI662250 & vimentin-type IF-associated coiled-coil protein \\
Cyp4f15 & cytochrome P450, family 4, subfamily f,,cytochrome P450, family 4, subfamily f,, \\
AI413582 & hypothetical protein LOC106672 \\
Rpusd1 & RNA pseudouridylate synthase domain containing,RNA pseudouridylate synthase domain containing, \\
AU023871 & hypothetical protein LOC106722 \\
Ticam1 & TICAM-1,TICAM-1, \\
Stap2 & signal transducing adaptor family member 2 \\
Dhx57 & DEAH (Asp-Glu-Ala-Asp/His) box polypeptide 57,DEAH (Asp-Glu-Ala-Asp/His) box polypeptide 57,DEAH (Asp-Glu-Ala-Asp/His) box polypeptide 57, \\
Tcf19 & transcription factor 19,transcription factor 19, \\
AI314976 & hypothetical protein LOC106821,hypothetical protein LOC106821,hypothetical protein LOC106821, \\
Unc119b & unc-119 homolog B \\
Abhd3 & abhydrolase domain containing 3 \\
Tnfaip8 & tumor necrosis factor, alpha-induced protein 8 \\
Afap1l1 & actin filament associated protein 1-like 1 \\
2010002N04Rik & putative small membrane protein NID67 \\
A630042L21Rik & hypothetical protein LOC106894 isoform 2,hypothetical protein LOC106894 isoform 2, \\
Kctd1 & potassium channel tetramerisation domain,potassium channel tetramerisation domain,potassium channel tetramerisation domain, \\
Slc39a3 & solute carrier family 39 (zinc transporter),,solute carrier family 39 (zinc transporter),,solute carrier family 39 (zinc transporter),, \\
Centd3 & centaurin, delta 3,centaurin, delta 3,centaurin, delta 3,centaurin, delta 3, \\
Slc39a6 & solute carrier family 39 (metal ion \\
Gramd3 & GRAM domain containing 3,GRAM domain containing 3,GRAM domain containing 3, \\
Me2 & malic enzyme 2, NAD(+)-dependent, mitochondrial \\
Fbxo38 & MoKA,MoKA, \\
Lars & leucyl-tRNA synthetase \\
Tnfsf5ip1 & Clast3 protein \\
Lrrtm2 & leucine rich repeat transmembrane neuronal 2 \\
Wdr74 & WD repeat domain 74 \\
Rrp12 & ribosomal RNA processing 12 homolog \\
Cyp2c50 & cytochrome P450, family 2, subfamily c,,cytochrome P450, family 2, subfamily c,, \\
Glyat & glycine-N-acyltransferase \\
Gpr137 & expressed sequence AI428855 \\
Btaf1 & BTAF1 RNA polymerase II, B-TFIID transcription \\
Gpr120 & G protein-coupled receptor 120 \\
Macrod1 & LRP16 protein \\
AI837181 & basophilic leukemia expressed protein \\
Kazald1 & Kazal-type serine peptidase inhibitor domain 1,Kazal-type serine peptidase inhibitor domain 1, \\
Otub1 & otubain 1 \\
Yars & tyrosyl-tRNA synthetase \\
Psat1 & phosphoserine aminotransferase 1,phosphoserine aminotransferase 1,phosphoserine aminotransferase 1, \\
Vps37c & vacuolar protein sorting 37C,vacuolar protein sorting 37C, \\
Lpxn & leupaxin \\
Trpt1 & tRNA splicing 2' phosphotransferase 1 \\
Gbf1 & golgi-specific brefeldin A-resistance factor 1,golgi-specific brefeldin A-resistance factor 1,golgi-specific brefeldin A-resistance factor 1,golgi-specific brefeldin A-resistance factor 1, \\
Ankrd15 & ankyrin repeat domain 15,ankyrin repeat domain 15,ankyrin repeat domain 15, \\
Tm9sf3 & transmembrane protein 9 superfamily member 3 \\
Pdzd8 & PDZ domain containing 8 \\
Exoc6 & exocyst complex component 6,exocyst complex component 6, \\
4632417K18Rik & hypothetical protein LOC107373 \\
Slc25a45 & solute carrier family 25, member 45,solute carrier family 25, member 45, \\
Brms1 & breast cancer metastasis-suppressor 1 \\
Hat1 & histone aminotransferase 1,histone aminotransferase 1, \\
Unc5a & netrin receptor Unc5h1,netrin receptor Unc5h1, \\
Unc5b & unc-5 homolog B,unc-5 homolog B,unc-5 homolog B, \\
Acaca & acetyl-Coenzyme A carboxylase alpha \\
Guca1b & guanylate cyclase activator 1B \\
Atf5 & ativating transcription factor 5,ativating transcription factor 5, \\
Eprs & glutamyl-prolyl-tRNA synthetase,glutamyl-prolyl-tRNA synthetase,glutamyl-prolyl-tRNA synthetase, \\
Ssr1 & signal sequence receptor, alpha,signal sequence receptor, alpha, \\
Lgr4 & G protein-coupled receptor 48 \\
Gimap4 & GTPase, IMAP family member 4 isoform b \\
Il1rl2 & interleukin 1 receptor-like 2,interleukin 1 receptor-like 2, \\
Magee1 & melanoma antigen, family E, 1 \\
Arl2bp & ADP-ribosylation factor-like 2 binding protein \\
Wwp1 & WW domain-containing protein 1 \\
Nt5c3 & 5'-nucleotidase, cytosolic III,5'-nucleotidase, cytosolic III, \\
Col16a1 & procollagen, type XVI, alpha 1,procollagen, type XVI, alpha 1, \\
Dio3 & deiodinase, iodothyronine type III \\
Ovol2 & ovo-like 2 isoform A \\
Osr2 & odd-skipped related 2 \\
Mylk & myosin, light polypeptide kinase,myosin, light polypeptide kinase, \\
Rdh1 & retinol dehydrogenase 1 (all trans) \\
Nod1 & nucleotide-binding oligomerization domain,nucleotide-binding oligomerization domain, \\
Pi4kb & phosphatidylinositol 4-kinase, catalytic, beta,phosphatidylinositol 4-kinase, catalytic, beta,phosphatidylinositol 4-kinase, catalytic, beta, \\
Uap1 & UDP-N-acetylglucosamine pyrophosphorylase 1,UDP-N-acetylglucosamine pyrophosphorylase 1,UDP-N-acetylglucosamine pyrophosphorylase 1,UDP-N-acetylglucosamine pyrophosphorylase 1, \\
Krt9 & keratin complex 1, acidic, gene 9 \\
Coro2a & coronin, actin binding protein 2A,coronin, actin binding protein 2A,coronin, actin binding protein 2A, \\
Snrpd2 & small nuclear ribonucleoprotein D2 \\
Sf3b4 & splicing factor 3b, subunit 4 \\
Rnh1 & ribonuclease/angiogenin inhibitor 1,ribonuclease/angiogenin inhibitor 1,ribonuclease/angiogenin inhibitor 1, \\
Slc12a6 & solute carrier family 12, member 6 isoform 2,solute carrier family 12, member 6 isoform 2,solute carrier family 12, member 6 isoform 2,solute carrier family 12, member 6 isoform 2, \\
Mrpl10 & mitochondrial ribosomal protein L10 \\
Mrpl41 & mitochondrial ribosomal protein L41 \\
Mrpl30 & mitochondrial ribosomal protein L30 \\
Rapgef1 & Rap guanine nucleotide exchange factor (GEF) 1 \\
Aldh1l1 & aldehyde dehydrogenase 1 family, member L1,aldehyde dehydrogenase 1 family, member L1, \\
Prrxl1 & paired related homeobox protein-like 1 \\
Lgals2 & lectin, galactose-binding, soluble 2 \\
Ankrd1 & ankyrin repeat domain 1 (cardiac muscle) \\
Haao & 3-hydroxyanthranilate 3,4-dioxygenase,3-hydroxyanthranilate 3,4-dioxygenase, \\
Scamp1 & secretory carrier membrane protein 1,secretory carrier membrane protein 1,secretory carrier membrane protein 1, \\
Tm6sf1 & transmembrane 6 superfamily member 1,transmembrane 6 superfamily member 1,transmembrane 6 superfamily member 1, \\
Tm6sf2 & transmembrane 6 superfamily member 2,transmembrane 6 superfamily member 2, \\
Bmyc & brain expressed myelocytomatosis oncogene \\
Scml2 & sex comb on midleg-like 2,sex comb on midleg-like 2,sex comb on midleg-like 2, \\
Jmjd6 & jumonji domain containing 6 \\
Whsc1 & Wolf-Hirschhorn syndrome candidate 1,Wolf-Hirschhorn syndrome candidate 1,Wolf-Hirschhorn syndrome candidate 1, \\
Thoc5 & THO complex 5 \\
Bai1 & brain-specific angiogenesis inhibitor 1,brain-specific angiogenesis inhibitor 1,brain-specific angiogenesis inhibitor 1,brain-specific angiogenesis inhibitor 1,brain-specific angiogenesis inhibitor 1, \\
Prl2c5 & prolactin family 2, subfamily c, member 5 \\
Usp9y & ubiquitin specific peptidase 9, Y chromosome \\
Cth & cystathionase \\
Mthfs & 5, 10-methenyltetrahydrofolate synthetase,5, 10-methenyltetrahydrofolate synthetase,5, 10-methenyltetrahydrofolate synthetase,5, 10-methenyltetrahydrofolate synthetase,5, 10-methenyltetrahydrofolate synthetase, \\
Gcm2 & glial cells missing homolog 2,glial cells missing homolog 2, \\
Mgat5 & mannoside acetylglucosaminyltransferase 5,mannoside acetylglucosaminyltransferase 5,mannoside acetylglucosaminyltransferase 5,mannoside acetylglucosaminyltransferase 5, \\
Chd4 & chromodomain helicase DNA binding protein 4,chromodomain helicase DNA binding protein 4, \\
Celsr3 & cadherin EGF LAG seven-pass G-type receptor 3,cadherin EGF LAG seven-pass G-type receptor 3, \\
Pom121 & nuclear pore membrane protein 121 \\
Cdk9 & cyclin-dependent kinase 9,cyclin-dependent kinase 9, \\
Hist1h1t & histone 1, H1t \\
Frs3 & fibroblast growth factor receptor substrate 3 \\
Pacs1 & phosphofurin acidic cluster sorting protein 1,phosphofurin acidic cluster sorting protein 1,phosphofurin acidic cluster sorting protein 1, \\
Bre & brain and reproductive organ-expressed protein,brain and reproductive organ-expressed protein, \\
Ddb2 & damage specific DNA binding protein 2 \\
Bfsp2 & beaded filament structural protein 2, phakinin,beaded filament structural protein 2, phakinin, \\
Cdc20 & cell division cycle 20 homolog,cell division cycle 20 homolog, \\
Gtpbp6 & GTP binding protein 6 (putative) \\
Cenpf & centromere protein F,centromere protein F,centromere protein F, \\
Ap4e1 & adaptor-related protein complex AP-4, epsilon 1,adaptor-related protein complex AP-4, epsilon 1, \\
Ap1s2 & adaptor-related protein complex 1 sigma 2,adaptor-related protein complex 1 sigma 2, \\
Brunol4 & bruno-like 4, RNA binding protein,bruno-like 4, RNA binding protein,bruno-like 4, RNA binding protein,bruno-like 4, RNA binding protein, \\
Sfrs9 & splicing factor, arginine/serine rich 9 \\
Chrnb4 & cholinergic receptor, nicotinic, beta,cholinergic receptor, nicotinic, beta, \\
Fxyd4 & corticosteroid-induced protein,corticosteroid-induced protein, \\
Lin7a & lin 7 homolog a isoform 1 \\
Shmt2 & serine hydroxymethyltransferase 2,serine hydroxymethyltransferase 2, \\
Chrnb3 & cholinergic receptor, nicotinic, beta \\
Slc14a1 & solute carrier family 14 (urea transporter),,solute carrier family 14 (urea transporter),, \\
Camk2d & calcium/calmodulin-dependent protein kinase II,,calcium/calmodulin-dependent protein kinase II,,calcium/calmodulin-dependent protein kinase II,, \\
Cstf2 & cleavage stimulation factor, 3' pre-RNA subunit,cleavage stimulation factor, 3' pre-RNA subunit,cleavage stimulation factor, 3' pre-RNA subunit, \\
Eif2b3 & eukaryotic translation initiation factor 2B, \\
Grm3 & glutamate receptor, metabotropic 3 \\
Grm5 & glutamate receptor, metabotropic 5,glutamate receptor, metabotropic 5, \\
Grm6 & glutamate receptor, metabotropic 6,glutamate receptor, metabotropic 6, \\
Grm7 & glutamate receptor, metabotropic 7 \\
Ltbp4 & latent transforming growth factor beta binding,latent transforming growth factor beta binding,latent transforming growth factor beta binding, \\
Skiv2l & superkiller viralicidic activity 2-like \\
Olr1 & oxidized low density lipoprotein (lectin-like) \\
Prkaa2 & AMP-activated protein kinase alpha 2 catalytic \\
Pip4k2b & phosphatidylinositol-5-phosphate 4-kinase, type \\
Rnf216 & ubiquitin conjugating enzyme 7 interacting,ubiquitin conjugating enzyme 7 interacting, \\
Rnf144a & ring finger protein 144 \\
Slco1a5 & solute carrier organic anion transporter family,,solute carrier organic anion transporter family,, \\
Prkab2 & AMP-activated protein kinase beta 2 \\
Med21 & SRB7 (supressor of RNA polymerase B) homolog \\
Prkag2 & AMP-activated protein kinase gamma2 subunit,AMP-activated protein kinase gamma2 subunit, \\
Baiap2 & brain-specific angiogenesis inhibitor \\
BC032204 & UNC-112 related protein 2,UNC-112 related protein 2, \\
B3gnt5 & UDP-GlcNAc:betaGal,UDP-GlcNAc:betaGal, \\
Eif4ebp3 & eukaryotic translation initiation factor 4E \\
Slc22a7 & solute carrier family 22 member 7 \\
Slco4a1 & solute carrier organic anion transporter family,,solute carrier organic anion transporter family,, \\
Slco3a1 & solute carrier organic anion transporter family, \\
U2af1 & U2 small nuclear ribonucleoprotein auxiliary \\
Napg & N-ethylmaleimide sensitive fusion protein \\
Napa & N-ethylmaleimide sensitive fusion protein \\
Xrcc4 & X-ray repair complementing defective repair in \\
Taf9 & TAF9 RNA polymerase II, TATA box binding protein,TAF9 RNA polymerase II, TATA box binding protein, \\
Atic & 5-aminoimidazole-4-carboxamide ribonucleotide,5-aminoimidazole-4-carboxamide ribonucleotide, \\
Galnt2 & UDP-N-acetyl-alpha-D-galactosamine:polypeptide \\
Galnt7 & UDP-N-acetyl-alpha-D-galactosamine: polypeptide \\
Sema3d & semaphorin 3D,semaphorin 3D,semaphorin 3D, \\
Adamts7 & a disintegrin-like and metalloprotease,a disintegrin-like and metalloprotease, \\
Adamts6 & a disintegrin-like and metalloprotease \\
Ogt & O-linked N-acetylglucosamine transferase,O-linked N-acetylglucosamine transferase, \\
Mthfd1 & methylenetetrahydrofolate dehydrogenase 1 \\
Ubxd6 & UBX domain containing 6 \\
D0HXS9928E & DNA segment, human DXS9928E \\
Mat2b & methionine adenosyltransferase II, beta,methionine adenosyltransferase II, beta, \\
Slc35b3 & solute carrier family 35, member B3,solute carrier family 35, member B3, \\
4933426K21Rik & hypothetical protein LOC108653,hypothetical protein LOC108653, \\
4933403F05Rik & hypothetical protein LOC108654 \\
Foxp1 & forkhead box P1,forkhead box P1,forkhead box P1,forkhead box P1,forkhead box P1,forkhead box P1,forkhead box P1, \\
Rnpepl1 & arginyl aminopeptidase (aminopeptidase B)-like \\
Atp6v1h & ATPase, H+ transporting, lysosomal V1 subunit H \\
Epsti1 & epithelial stromal interaction 1 isoform a \\
Dnajc9 & DnaJ homolog, subfamily C, member 9 \\
Zdhhc15 & zinc finger, DHHC domain containing 15 \\
Ccdc86 & coiled-coil domain containing 86 \\
Cops8 & COP9 signalosome subunit 8 \\
Gpt2 & glutamic pyruvate transaminase (alanine,glutamic pyruvate transaminase (alanine,glutamic pyruvate transaminase (alanine, \\
Ccdc88a & coiled coil domain containing 88A \\
Edem2 & putative alpha-mannosidase \\
Obfc1 & oligonucleotide/oligosaccharide-binding fold,oligonucleotide/oligosaccharide-binding fold, \\
Chn1 & chimerin (chimaerin) 1 isoform 1,chimerin (chimaerin) 1 isoform 1, \\
Pttg1ip & pituitary tumor-transforming gene 1 \\
1810008A18Rik & hypothetical protein LOC108707,hypothetical protein LOC108707, \\
Card11 & caspase recruitment domain family, member 11,caspase recruitment domain family, member 11, \\
Sft2d2 & SFT2 domain containing 2 \\
Oxsr1 & oxidative-stress responsive 1,oxidative-stress responsive 1, \\
Lyrm2 & LYR motif containing 2 \\
Galntl1 & UDP-N-acetyl-alpha-D-galactosamine:polypeptide,UDP-N-acetyl-alpha-D-galactosamine:polypeptide,UDP-N-acetyl-alpha-D-galactosamine:polypeptide, \\
Pnrc1 & proline-rich nuclear receptor coactivator 1 \\
Ston2 & stonin 2 \\
Calr4 & calreticulin 4,calreticulin 4, \\
4933402P03Rik & hypothetical protein LOC108803 \\
Ccdc122 & coiled-coil domain containing 122 \\
Als2cr12 & amyotrophic lateral sclerosis 2 (juvenile) \\
n/a & n/a \\
Ibtk & inhibitor of Bruton's tyrosine kinase,inhibitor of Bruton's tyrosine kinase, \\
Rdh13 & retinol dehydrogenase 13 (all-trans and 9-cis),retinol dehydrogenase 13 (all-trans and 9-cis), \\
Mtrf1l & mitochondrial translational release factor \\
Atad3a & AAA-ATPase TOB3 \\
2810003C17Rik & ionized calcium binding adapter molecule 2 \\
2700081O15Rik & hypothetical protein LOC108899,hypothetical protein LOC108899, \\
2700049P18Rik & hypothetical protein LOC108900 \\
B3gnt1 & beta-1,3-N-acetylglucosaminyltransferase bGnT-6,beta-1,3-N-acetylglucosaminyltransferase bGnT-6, \\
Tbcd & tubulin-specific chaperone d \\
Nusap1 & nucleolar and spindle associated protein 1 \\
2610208M17Rik & axin interaction partner and dorsalization,axin interaction partner and dorsalization,axin interaction partner and dorsalization, \\
Rcc2 & RCC1-like \\
Lhfp & lipoma HMGIC fusion partner \\
Rg9mtd2 & RNA (guanine-9-) methyltransferase domain,RNA (guanine-9-) methyltransferase domain, \\
Zzz3 & zinc finger, ZZ domain containing 3 \\
Ppp1r15b & protein phosphatase 1, regulatory subunit 15B \\
2210421G13Rik & hypothetical protein LOC108956 \\
5730472N09Rik & hypothetical protein LOC108958,hypothetical protein LOC108958, \\
Irak2 & interleukin-1 receptor-associated kinase 2,interleukin-1 receptor-associated kinase 2,interleukin-1 receptor-associated kinase 2, \\
E2f8 & E2F transcription factor 8,E2F transcription factor 8, \\
4930555G01Rik & hypothetical protein LOC108978 \\
Tpr & nuclear pore complex-associated protein Tpr,nuclear pore complex-associated protein Tpr,nuclear pore complex-associated protein Tpr, \\
Tbc1d10c & TBC1 domain family, member 10c,TBC1 domain family, member 10c, \\
Ciapin1 & cytokine induced apoptosis inhibitor 1 \\
Obfc2a & oligonucleotide/oligosaccharide-binding fold,oligonucleotide/oligosaccharide-binding fold, \\
Sp110 & Sp110 nuclear body protein,Sp110 nuclear body protein,Sp110 nuclear body protein, \\
Prkcdbp & protein kinase C, delta binding protein \\
6530418L21Rik & hypothetical protein LOC109050,hypothetical protein LOC109050, \\
Krt75 & keratin 75 \\
Pfdn4 & prefoldin 4 \\
1110034A24Rik & hypothetical protein LOC109065 \\
Exosc4 & exosome component 4 \\
Ints5 & integrator complex subunit 5 \\
Sephs1 & selenophosphate synthetase 1,selenophosphate synthetase 1, \\
Fbxw17 & F-box and WD-40 domain protein 17 \\
Rars2 & arginyl-tRNA synthetase-like \\
Slc30a9 & solute carrier family 30 (zinc transporter),,solute carrier family 30 (zinc transporter),,solute carrier family 30 (zinc transporter),, \\
Uhrf2 & ubiquitin-like, containing PHD and RING finger,ubiquitin-like, containing PHD and RING finger, \\
Supt3h & suppressor of Ty 3 homolog \\
2010311D03Rik & hypothetical protein LOC109129 \\
Plekha5 & phosphoinositol 3-phosphate-binding protein-2,phosphoinositol 3-phosphate-binding protein-2,phosphoinositol 3-phosphate-binding protein-2,phosphoinositol 3-phosphate-binding protein-2,phosphoinositol 3-phosphate-binding protein-2, \\
Mmaa & methylmalonic aciduria type A \\
Gins4 & SLD5 \\
Chd9 & chromodomain helicase DNA binding protein 9,chromodomain helicase DNA binding protein 9, \\
2410014A08Rik & hypothetical protein LOC109154 \\
Ube2q2 & ubiquitin-conjugating enzyme E2Q 2 \\
5730596K20Rik & hypothetical protein LOC109168 \\
Sobp & sine oculis-binding protein homolog,sine oculis-binding protein homolog, \\
6720460F02Rik & hypothetical protein LOC109212 \\
Tmem139 & hypothetical protein LOC109218 \\
Ms4a7 & membrane-spanning 4-domains, subfamily A, member \\
Ppp4r1l & protein phosphatase 4, regulatory subunit 1-like \\
Sccpdh & saccharopine dehydrogenase (putative) \\
Mbd5 & methyl-CpG binding domain protein 5,methyl-CpG binding domain protein 5,methyl-CpG binding domain protein 5, \\
Kif24 & kinesin family member 24,kinesin family member 24, \\
Lrrc39 & leucine rich repeat containing 39 isoform 1 \\
Tspan9 & tetraspan NET-5,tetraspan NET-5,tetraspan NET-5, \\
9530008L14Rik & hypothetical protein LOC109254,hypothetical protein LOC109254, \\
Rlf & rearranged L-myc fusion sequence,rearranged L-myc fusion sequence,rearranged L-myc fusion sequence, \\
Me3 & malic enzyme 3, NADP(+)-dependent,,malic enzyme 3, NADP(+)-dependent,,malic enzyme 3, NADP(+)-dependent,, \\
Arhgap8 & Rho GTPase activating protein 8,Rho GTPase activating protein 8,Rho GTPase activating protein 8, \\
8030451F13Rik & myosin binding protein C, slow type,myosin binding protein C, slow type, \\
Actr5 & ARP5 actin-related protein 5 homolog,ARP5 actin-related protein 5 homolog, \\
9330176C04Rik & hypothetical protein LOC109280 \\
C030046I01Rik & hypothetical protein LOC109284 \\
C030045D06Rik & hypothetical protein LOC109294 \\
Orai1 & transmembrane protein 142A,transmembrane protein 142A, \\
A030004J04Rik & hypothetical protein LOC109314 \\
C1qtnf7 & C1q and tumor necrosis factor related protein 7,C1q and tumor necrosis factor related protein 7, \\
Rnf20 & ring finger protein 20,ring finger protein 20, \\
Cdcp1 & CUB domain-containing protein 1,CUB domain-containing protein 1, \\
Pkn2 & protein kinase N2,protein kinase N2, \\
Slc5a10 & solute carrier family 5 (sodium/glucose,solute carrier family 5 (sodium/glucose, \\
Ankrd39 & ankyrin repeat domain 39 \\
C630035N08Rik & hypothetical protein LOC109349 \\
C430003P19Rik & hypothetical protein LOC109359,hypothetical protein LOC109359, \\
Sri & sorcin isoform 1 \\
Tbx10 & T-box 10 isoform 1 \\
Lmo3 & LIM domain only 3,LIM domain only 3, \\
Lmo1 & LIM domain only 1 \\
Cald1 & caldesmon 1 \\
Upk1a & uroplakin 1A,uroplakin 1A, \\
Npy & neuropeptide Y \\
Acy1 & aminoacylase 1 \\
Txlna & taxilin alpha,taxilin alpha, \\
Ctrl & chymotrypsin-like \\
Hoxc11 & homeobox C11 \\
Cyb5 & cytochrome b-5 \\
Ampd2 & adenosine monophosphate deaminase 2 (isoform L),adenosine monophosphate deaminase 2 (isoform L),adenosine monophosphate deaminase 2 (isoform L), \\
Ank2 & ankyrin 2, brain isoform 3 \\
Hyal3 & hyaluronoglucosaminidase 3 \\
Arrb1 & arrestin, beta 1 isoform A \\
Cpa1 & carboxypeptidase A1 \\
Itga1 & integrin alpha 1,integrin alpha 1, \\
Actn1 & actinin, alpha 1,actinin, alpha 1, \\
Maob & amine oxidase (flavin-containing) \\
Cyb5r3 & diaphorase 1 \\
Blvra & biliverdin reductase A,biliverdin reductase A, \\
Pgm3 & phosphoglucomutase 3,phosphoglucomutase 3,phosphoglucomutase 3, \\
Clps & colipase, pancreatic \\
Glo1 & glyoxalase 1 \\
H47 & selenoprotein S \\
Pgc & progastricsin (pepsinogen C) \\
F11 & coagulation factor XI \\
Cbr3 & carbonyl reductase 3 \\
Braf & Braf transforming,Braf transforming,Braf transforming, \\
Mzf1 & myeloid zinc finger 1,myeloid zinc finger 1,myeloid zinc finger 1, \\
Asl & argininosuccinate lyase \\
Ela1 & elastase 1, pancreatic \\
Mcf2 & mcf.2 transforming,mcf.2 transforming, \\
Rap1a & RAS-related protein-1a \\
Zfp91 & zinc finger protein 91 \\
Zbtb25 & zinc finger and BTB domain containing 25 \\
Abr & active BCR-related isoform 1 \\
Art4 & ADP-ribosyltransferase 4 \\
Art3 & ADP-ribosyltransferase 3,ADP-ribosyltransferase 3,ADP-ribosyltransferase 3,ADP-ribosyltransferase 3,ADP-ribosyltransferase 3, \\
Gusb & glucuronidase, beta \\
Gtrgeo22 & hypothetical protein LOC110012 \\
Kif22 & kinesin family member 22 \\
Dek & DEK oncogene (DNA binding),DEK oncogene (DNA binding), \\
Syt17 & synaptotagmin XVII,synaptotagmin XVII,synaptotagmin XVII,synaptotagmin XVII, \\
Dut & deoxyuridine triphosphatase,deoxyuridine triphosphatase, \\
Bmp3 & bone morphogenetic protein 3,bone morphogenetic protein 3, \\
Pygb & brain glycogen phosphorylase \\
Dnahc5 & dynein, axonemal, heavy chain 5 \\
Phka2 & phosphorylase kinase alpha 2,phosphorylase kinase alpha 2,phosphorylase kinase alpha 2, \\
Pygl & liver glycogen phosphorylase \\
Nol1 & nucleolar protein 1 \\
Cyp11b1 & cytochrome P450, family 11, subfamily b, \\
Mpi & mannose phosphate isomerase \\
Fgb & fibrinogen, B beta polypeptide \\
Ehmt2 & euchromatic histone lysine N-methyltransferase 2,euchromatic histone lysine N-methyltransferase 2, \\
Raf1 & protein kinase raf 1,protein kinase raf 1,protein kinase raf 1, \\
Gpr18 & G protein-coupled receptor 18 \\
Slc35b1 & solute carrier family 35, member B1 \\
Manba & mannosidase, beta A, lysosomal,mannosidase, beta A, lysosomal,mannosidase, beta A, lysosomal, \\
Abpg & androgen binding protein gamma \\
Fdps & farnesyl diphosphate synthetase \\
